2003-08-05 20:22:
  author: rogers
  Updated check-logs.pl to 'use strict;'.
  => README.text 1.8:  state: Exp;  lines: +2 -2
  => check-logs.pl 1.2:  state: Exp;  lines: +56 -37
  => nominal-random.text 1.2:  state: Exp;  lines: +1 -1
     Total lines: +59 -40

2003-08-03 20:42:
  author: rogers
  Make vacuum.pl deal better with inability to open a connection.
  => vacuum.pl 1.3:  state: Exp;  lines: +10 -5

2003-07-28 16:59:
  author: rogers
  Also copy .tgz files if found.
  => vacuum.pl 1.2:  state: Exp;  lines: +5 -5

2003-07-28 12:59:
  author: rogers
  Revamped makefile install targets, fixed module installation.
  New vacuum.pl script.
  install.pl now doesn't touch the "magic" line unless you say "-magic".
  Change some magic lines (4 scripts) to "#!/usr/bin/perl".
  => README.text 1.7:  state: Exp;  lines: +6 -1
  => cp-if-newer.pl 1.2:  state: Exp;  lines: +1 -1
  => install.pl 1.6:  state: Exp;  lines: +5 -1
  => makefile 1.4:  state: Exp;  lines: +24 -9
  => rename-into-tree.pl 1.2:  state: Exp;  lines: +1 -1
  => squid-log.pl 1.2:  state: Exp;  lines: +1 -1
  => squint.pl 1.2:  state: Exp;  lines: +1 -1
  => tar-backup.pl 1.1:  state: Exp
  => tar-backup.pm 1.1:  state: Exp
  => vacuum.pl 1.1:  state: Exp
     Total lines: +39 -15 (incomplete)

2003-07-26 22:40:
  author: rogers
  Added Weblog/Squid hacks to the collection.
  => README.text 1.6:  state: Exp;  lines: +13 -0
  => make-popular-pages.pl 1.1:  state: Exp
  => page-hits.pl 1.1:  state: Exp
  => parse-logs.pm 1.1:  state: Exp
  => squid2std.pl 1.1:  state: Exp
  => squint.pl 1.1:  state: Exp

2003-07-25 22:19:
  author: rogers
  Chronological log reformatting hack -- needs documentation.
  => README.text 1.5:  state: Exp;  lines: +3 -0
  => cvs-chrono-log.pl 1.1:  state: Exp

2003-07-18 22:01:
  author: rogers
  Random cleaning up.
  => ChangeLog 1.3:  state: Exp;  lines: +1 -1
  => README.text 1.4:  state: Exp;  lines: +10 -6
  => install.pl 1.5:  state: Exp;  lines: +5 -3
     Total lines: +16 -10

2003-07-15 07:26:
  author: rogers
  extract-subnet.pl:  Added 'use strict' and -w.
  => ChangeLog 1.2:  state: Exp;  lines: +2 -0
  => extract-subnet.pl 1.2:  state: Exp;  lines: +20 -15
     Total lines: +22 -15

2003-07-15 07:15:
  author: rogers
  Started ChangeLog.
  => ChangeLog 1.1:  state: Exp
  => README.text 1.3:  state: Exp;  lines: +2 -0

2003-07-15 07:10:
  author: rogers
  Oops; supply explicit -dev to cdrecord, use one dash in option names.
  => cd-dump.pl 1.6:  state: Exp;  lines: +4 -3

2003-07-13 21:34:
  author: rogers
  More perl style improvements.
  => install.pl 1.4:  state: Exp;  lines: +5 -7

2003-07-13 21:22:
  author: rogers
  Improve error message if install dir is not writable.
  => install.pl 1.3:  state: Exp;  lines: +2 -2

2003-07-13 11:47:
  author: rogers
  Converted to Getopt::Long usage.
  => cd-dump.pl 1.5:  state: Exp;  lines: +33 -62

2003-07-13 11:03:
  author: rogers
  Change $arg to $arg_name to fix "--" handling.
  => cd-dump.pl 1.4:  state: Exp;  lines: +6 -6

2003-07-11 06:53:
  author: rogers
  Clean up install.pl script.
  => cd-dump.pl 1.3:  state: Exp;  lines: +1 -1
  => install.pl 1.2:  state: Exp;  lines: +39 -33
  => makefile 1.3:  state: Exp;  lines: +1 -1
     Total lines: +41 -35

2003-07-10 08:07:
  author: rogers
  New --[no]mount option (untested), Pod::Usage, update doc.
  => README.text 1.2:  state: Exp;  lines: +6 -0
  => cd-dump.pl 1.2:  state: Exp;  lines: +63 -17
     Total lines: +69 -17

2003-06-17 09:08:
  author: rogers
  Fix typos in comments.
  => backup.pl 1.2:  state: Exp;  lines: +5 -4

2003-06-15 21:08:
  author: rogers
  Machinery for installing this in the /root/bin dir.
  => install.pl 1.1:  state: Exp
  => makefile 1.2:  state: Exp;  lines: +11 -1

2003-06-15 20:47:
  author: rogers
  Initial revision
  => README.text 1.1:  state: Exp;  branches: 1.1.1
  => afpd-stat.pl 1.1:  state: Exp;  branches: 1.1.1
  => atwho.pl 1.1:  state: Exp;  branches: 1.1.1
  => backup.pl 1.1:  state: Exp;  branches: 1.1.1
  => cd-dump.pl 1.1:  state: Exp;  branches: 1.1.1
  => check-logs.pl 1.1:  state: Exp;  branches: 1.1.1
  => cp-if-newer.pl 1.1:  state: Exp;  branches: 1.1.1
  => daily-status.pl 1.1:  state: Exp;  branches: 1.1.1
  => extract-subnet.pl 1.1:  state: Exp;  branches: 1.1.1
  => makefile 1.1:  state: Exp;  branches: 1.1.1
  => nominal-random.text 1.1:  state: Exp;  branches: 1.1.1
  => nominal-shutdown.text 1.1:  state: Exp;  branches: 1.1.1
  => nominal-startup.text 1.1:  state: Exp;  branches: 1.1.1
  => partition-backup-sizes.pl 1.1:  state: Exp;  branches: 1.1.1
  => qifq.pl 1.1:  state: Exp;  branches: 1.1.1
  => qmail-redeliver 1.1:  state: Exp;  branches: 1.1.1
  => qmail-restart 1.1:  state: Exp;  branches: 1.1.1
  => rename-into-tree.pl 1.1:  state: Exp;  branches: 1.1.1
  => rename-into-tree.pm 1.1:  state: Exp;  branches: 1.1.1
  => rgr-dehex.el 1.1:  state: Exp;  branches: 1.1.1
  => squid-log.pl 1.1:  state: Exp;  branches: 1.1.1
  => status-since 1.1:  state: Exp;  branches: 1.1.1
  => tripwire-verify 1.1:  state: Exp;  branches: 1.1.1

2003-06-15 20:47:
  author: rogers
  Initial sources.
  => README.text 1.1.1.1:  state: Exp;  lines: +0 -0
  => afpd-stat.pl 1.1.1.1:  state: Exp;  lines: +0 -0
  => atwho.pl 1.1.1.1:  state: Exp;  lines: +0 -0
  => backup.pl 1.1.1.1:  state: Exp;  lines: +0 -0
  => cd-dump.pl 1.1.1.1:  state: Exp;  lines: +0 -0
  => check-logs.pl 1.1.1.1:  state: Exp;  lines: +0 -0
  => cp-if-newer.pl 1.1.1.1:  state: Exp;  lines: +0 -0
  => daily-status.pl 1.1.1.1:  state: Exp;  lines: +0 -0
  => extract-subnet.pl 1.1.1.1:  state: Exp;  lines: +0 -0
  => makefile 1.1.1.1:  state: Exp;  lines: +0 -0
  => nominal-random.text 1.1.1.1:  state: Exp;  lines: +0 -0
  => nominal-shutdown.text 1.1.1.1:  state: Exp;  lines: +0 -0
  => nominal-startup.text 1.1.1.1:  state: Exp;  lines: +0 -0
  => partition-backup-sizes.pl 1.1.1.1:  state: Exp;  lines: +0 -0
  => qifq.pl 1.1.1.1:  state: Exp;  lines: +0 -0
  => qmail-redeliver 1.1.1.1:  state: Exp;  lines: +0 -0
  => qmail-restart 1.1.1.1:  state: Exp;  lines: +0 -0
  => rename-into-tree.pl 1.1.1.1:  state: Exp;  lines: +0 -0
  => rename-into-tree.pm 1.1.1.1:  state: Exp;  lines: +0 -0
  => rgr-dehex.el 1.1.1.1:  state: Exp;  lines: +0 -0
  => squid-log.pl 1.1.1.1:  state: Exp;  lines: +0 -0
  => status-since 1.1.1.1:  state: Exp;  lines: +0 -0
  => tripwire-verify 1.1.1.1:  state: Exp;  lines: +0 -0

